BERT device: cuda
Some weights of BertForSequenceClassification were not initialized from the model checkpoint at ../bert-base-uncased and are newly initialized: ['classifier.bias', 'classifier.weight']
You should probably TRAIN this model on a down-stream task to be able to use it for predictions and inference.
epoch 1/3 step 1/576 loss 1.3294
epoch 1/3 step 26/576 loss 1.0979
epoch 1/3 step 51/576 loss 0.7372
epoch 1/3 step 76/576 loss 0.5796
epoch 1/3 step 101/576 loss 0.3535
epoch 1/3 step 126/576 loss 0.2377
epoch 1/3 step 151/576 loss 0.0502
epoch 1/3 step 176/576 loss 0.1294
epoch 1/3 step 201/576 loss 0.0175
epoch 1/3 step 226/576 loss 0.0075
epoch 1/3 step 251/576 loss 0.2761
epoch 1/3 step 276/576 loss 0.2178
epoch 1/3 step 301/576 loss 0.2583
epoch 1/3 step 326/576 loss 0.0840
epoch 1/3 step 351/576 loss 0.2701
epoch 1/3 step 376/576 loss 0.2183
epoch 1/3 step 401/576 loss 0.0052
epoch 1/3 step 426/576 loss 0.4198
epoch 1/3 step 451/576 loss 0.0069
epoch 1/3 step 476/576 loss 0.0653
epoch 1/3 step 501/576 loss 0.2014
epoch 1/3 step 526/576 loss 0.0087
epoch 1/3 step 551/576 loss 0.2648
epoch 1/3 step 576/576 loss 0.0042
epoch 2/3 step 1/576 loss 0.0180
epoch 2/3 step 26/576 loss 0.0027
epoch 2/3 step 51/576 loss 0.0031
epoch 2/3 step 76/576 loss 0.0123
epoch 2/3 step 101/576 loss 0.4806
epoch 2/3 step 126/576 loss 0.0014
epoch 2/3 step 151/576 loss 0.0019
epoch 2/3 step 176/576 loss 0.0032
epoch 2/3 step 201/576 loss 0.2456
epoch 2/3 step 226/576 loss 0.0014
epoch 2/3 step 251/576 loss 0.0028
epoch 2/3 step 276/576 loss 0.0011
epoch 2/3 step 301/576 loss 0.0018
epoch 2/3 step 326/576 loss 0.0225
epoch 2/3 step 351/576 loss 0.4157
epoch 2/3 step 376/576 loss 0.5241
epoch 2/3 step 401/576 loss 0.0010
epoch 2/3 step 426/576 loss 0.0011
epoch 2/3 step 451/576 loss 0.0015
epoch 2/3 step 476/576 loss 0.0043
epoch 2/3 step 501/576 loss 0.0029
epoch 2/3 step 526/576 loss 0.0009
epoch 2/3 step 551/576 loss 0.0028
epoch 2/3 step 576/576 loss 0.8619
epoch 3/3 step 1/576 loss 0.0016
epoch 3/3 step 26/576 loss 0.0048
epoch 3/3 step 51/576 loss 0.0043
epoch 3/3 step 76/576 loss 0.0016
epoch 3/3 step 101/576 loss 0.0008
epoch 3/3 step 126/576 loss 0.0010
epoch 3/3 step 151/576 loss 0.0005
epoch 3/3 step 176/576 loss 0.0005
epoch 3/3 step 201/576 loss 0.0045
epoch 3/3 step 226/576 loss 0.0010
epoch 3/3 step 251/576 loss 0.0349
epoch 3/3 step 276/576 loss 0.0009
epoch 3/3 step 301/576 loss 0.0010
epoch 3/3 step 326/576 loss 0.0006
epoch 3/3 step 351/576 loss 0.0004
epoch 3/3 step 376/576 loss 0.0004
epoch 3/3 step 401/576 loss 0.0005
epoch 3/3 step 426/576 loss 0.0006
epoch 3/3 step 451/576 loss 0.0012
epoch 3/3 step 476/576 loss 0.0012
epoch 3/3 step 501/576 loss 0.0007
epoch 3/3 step 526/576 loss 0.0006
epoch 3/3 step 551/576 loss 0.0008
epoch 3/3 step 576/576 loss 0.0007
bert {"accuracy": 0.9782986111111112, "macro_f1": 0.9510509105308937}
